MkBytes 1000000000000000000000000
MkBytes 1000000000000000000000
MkBytes 1000000000000000000
MkBytes 1000000000000000
MkBytes 1000000000000
MkBytes 1000000000
MkBytes 1000000
MkBytes 1000
MkBytes 1
MkBytes 1
MkBytes 1000
MkBytes 1000000
MkBytes 1000000000
MkBytes 1000000000000
MkBytes 1000000000000000
MkBytes 1000000000000000000
MkBytes 1000000000000000000000
MkBytes 1000000000000000000000000
