"MkNetBytes (MkBytes 1000000000000000000000000)"
"MkNetBytes (MkBytes 1000000000000000000000)"
"MkNetBytes (MkBytes 1000000000000000000)"
"MkNetBytes (MkBytes 1000000000000000)"
"MkNetBytes (MkBytes 1000000000000)"
"MkNetBytes (MkBytes 1000000000)"
"MkNetBytes (MkBytes 1000000)"
"MkNetBytes (MkBytes 1000)"
"MkNetBytes (MkBytes 1)"
"MkNetBytes (MkBytes 1)"
"MkNetBytes (MkBytes 1000)"
"MkNetBytes (MkBytes 1000000)"
"MkNetBytes (MkBytes 1000000000)"
"MkNetBytes (MkBytes 1000000000000)"
"MkNetBytes (MkBytes 1000000000000000)"
"MkNetBytes (MkBytes 1000000000000000000)"
"MkNetBytes (MkBytes 1000000000000000000000)"
"MkNetBytes (MkBytes 1000000000000000000000000)"
