120.36K
120.365 kb
120.3648 kilobytes
120.36480 kb
120.3648 Kilobytes
