"50T"
"50T U"
"50 tb U"
"50 terabytes up"
"50 tb up"
"50 Terabytes U"
