"120.36P"
"120.365P D"
"120.3648 pb D"
"120.36480 petabytes down"
"120.3648 pb down"
"120.36 Petabytes D"
