"120.36Z"
"120.365Z D"
"120.3648 zb D"
"120.36480 zettabytes down"
"120.3648 zb down"
"120.36 Zettabytes D"
