120.36K
120.365K D
120.3648 kb D
120.36480 kilobytes down
120.3648 kb down
120.36 Kilobytes D
