120.36G
120.365 gb
120.3648 gigabytes
120.36480 gb
120.3648 Gigabytes
