120.36Y
120.365Y D
120.3648 yb D
120.36480 yottabytes down
120.3648 yb down
120.36 Yottabytes D
