"50E"
"50E U"
"50 eb U"
"50 exabytes up"
"50 eb up"
"50 Exabytes U"
