"50Y"
"50Y U"
"50 yb U"
"50 yottabytes up"
"50 yb up"
"50 Yottabytes U"
