50K
50K U
50 kb U
50 kilobytes up
50 kb up
50 Kilobytes U
