MkSomeSize SM (MkBytes 250.0)
MkSomeSize SG (MkBytes 750.0)
MkSomeSize ST (MkBytes 1.5)
