MkSomeSize SZ (MkBytes 250.0)
MkSomeSize SY (MkBytes 750.0)
MkSomeSize SY (MkBytes 1500.0)
