MkSomeSize SK (MkBytes 250.0)
MkSomeSize SM (MkBytes 750.0)
MkSomeSize SG (MkBytes 1.5)
