MkSomeSize SG (MkBytes 250.0)
MkSomeSize ST (MkBytes 750.0)
MkSomeSize SP (MkBytes 1.5)
