MkSomeSize SP (MkBytes 250.0)
MkSomeSize SE (MkBytes 750.0)
MkSomeSize SZ (MkBytes 1.5)
