MkSomeNetSize SM (MkNetBytes (MkBytes 250.0))
MkSomeNetSize SG (MkNetBytes (MkBytes 750.0))
MkSomeNetSize ST (MkNetBytes (MkBytes 1.5))
