MkSomeNetSize SE (MkNetBytes (MkBytes 250.0))
MkSomeNetSize SZ (MkNetBytes (MkBytes 750.0))
MkSomeNetSize SY (MkNetBytes (MkBytes 1.5))
