MkSomeSize SE (MkBytes 250.0)
MkSomeSize SZ (MkBytes 750.0)
MkSomeSize SY (MkBytes 1.5)
