MkSomeSize SB (MkBytes 250.0)
MkSomeSize SK (MkBytes 750.0)
MkSomeSize SM (MkBytes 1.5)
