MkSomeSize ST (MkBytes 250.0)
MkSomeSize SP (MkBytes 750.0)
MkSomeSize SE (MkBytes 1.5)
