MkSomeNet SUp SB (MkNetBytes (MkBytes 0.25))
MkSomeNet SUp SB (MkNetBytes (MkBytes 750.0))
MkSomeNet SUp SK (MkNetBytes (MkBytes 1.5))
