MkSomeNet SUp SK (MkNetBytes (MkBytes 250.0))
MkSomeNet SUp SM (MkNetBytes (MkBytes 750.0))
MkSomeNet SUp SG (MkNetBytes (MkBytes 1.5))
