MkSomeNetSize SG (MkNetBytes (MkBytes 250.0))
MkSomeNetSize ST (MkNetBytes (MkBytes 750.0))
MkSomeNetSize SP (MkNetBytes (MkBytes 1.5))
