MkSomeNet SDown ST (MkNetBytes (MkBytes 250.0))
MkSomeNet SDown SP (MkNetBytes (MkBytes 750.0))
MkSomeNet SDown SE (MkNetBytes (MkBytes 1.5))
